Archive member included to satisfy reference by file (symbol)

/usr/lib/x86_64-linux-gnu/libc_nonshared.a(elf-init.oS)
                              /usr/lib/gcc/x86_64-linux-gnu/4.8/../../../x86_64-linux-gnu/crt1.o (__libc_csu_init)

Discarded input sections

 .note.GNU-stack
                0x0000000000000000        0x0 /usr/lib/gcc/x86_64-linux-gnu/4.8/../../../x86_64-linux-gnu/crt1.o
 .gnu_debuglink
                0x0000000000000000        0xc /usr/lib/gcc/x86_64-linux-gnu/4.8/../../../x86_64-linux-gnu/crt1.o
 .note.GNU-stack
                0x0000000000000000        0x0 /usr/lib/gcc/x86_64-linux-gnu/4.8/../../../x86_64-linux-gnu/crti.o
 .gnu_debuglink
                0x0000000000000000        0xc /usr/lib/gcc/x86_64-linux-gnu/4.8/../../../x86_64-linux-gnu/crti.o
 .note.GNU-stack
                0x0000000000000000        0x0 /usr/lib/gcc/x86_64-linux-gnu/4.8/crtbegin.o
 .note.GNU-stack
                0x0000000000000000        0x0 build/barsm.o
 .note.GNU-stack
                0x0000000000000000        0x0 build/barsm_functions.o
 .note.GNU-stack
                0x0000000000000000        0x0 /usr/lib/x86_64-linux-gnu/libc_nonshared.a(elf-init.oS)
 .note.GNU-stack
                0x0000000000000000        0x0 /usr/lib/gcc/x86_64-linux-gnu/4.8/crtend.o
 .note.GNU-stack
                0x0000000000000000        0x0 /usr/lib/gcc/x86_64-linux-gnu/4.8/../../../x86_64-linux-gnu/crtn.o
 .gnu_debuglink
                0x0000000000000000        0xc /usr/lib/gcc/x86_64-linux-gnu/4.8/../../../x86_64-linux-gnu/crtn.o

Memory Configuration

Name             Origin             Length             Attributes
*default*        0x0000000000000000 0xffffffffffffffff

Linker script and memory map

LOAD /usr/lib/gcc/x86_64-linux-gnu/4.8/../../../x86_64-linux-gnu/crt1.o
LOAD /usr/lib/gcc/x86_64-linux-gnu/4.8/../../../x86_64-linux-gnu/crti.o
LOAD /usr/lib/gcc/x86_64-linux-gnu/4.8/crtbegin.o
LOAD build/barsm.o
LOAD build/barsm_functions.o
LOAD /usr/lib/gcc/x86_64-linux-gnu/4.8/libgcc.a
LOAD /usr/lib/gcc/x86_64-linux-gnu/4.8/libgcc_s.so
LOAD /usr/lib/gcc/x86_64-linux-gnu/4.8/../../../x86_64-linux-gnu/libpthread.so
START GROUP
LOAD /lib/x86_64-linux-gnu/libpthread.so.0
LOAD /usr/lib/x86_64-linux-gnu/libpthread_nonshared.a
END GROUP
LOAD /usr/lib/gcc/x86_64-linux-gnu/4.8/../../../x86_64-linux-gnu/libc.so
START GROUP
LOAD /lib/x86_64-linux-gnu/libc.so.6
LOAD /usr/lib/x86_64-linux-gnu/libc_nonshared.a
LOAD /lib/x86_64-linux-gnu/ld-linux-x86-64.so.2
END GROUP
LOAD /usr/lib/gcc/x86_64-linux-gnu/4.8/libgcc.a
LOAD /usr/lib/gcc/x86_64-linux-gnu/4.8/libgcc_s.so
LOAD /usr/lib/gcc/x86_64-linux-gnu/4.8/crtend.o
LOAD /usr/lib/gcc/x86_64-linux-gnu/4.8/../../../x86_64-linux-gnu/crtn.o
                0x0000000000400000                PROVIDE (__executable_start, 0x400000)
                0x0000000000400238                . = (0x400000 + SIZEOF_HEADERS)

.interp         0x0000000000400238       0x1c
 *(.interp)
 .interp        0x0000000000400238       0x1c /usr/lib/gcc/x86_64-linux-gnu/4.8/../../../x86_64-linux-gnu/crt1.o

.note.ABI-tag   0x0000000000400254       0x20
 .note.ABI-tag  0x0000000000400254       0x20 /usr/lib/gcc/x86_64-linux-gnu/4.8/../../../x86_64-linux-gnu/crt1.o

.note.gnu.build-id
                0x0000000000400274       0x24
 *(.note.gnu.build-id)
 .note.gnu.build-id
                0x0000000000400274       0x24 /usr/lib/gcc/x86_64-linux-gnu/4.8/../../../x86_64-linux-gnu/crt1.o

.hash
 *(.hash)

.gnu.hash       0x0000000000400298       0x1c
 *(.gnu.hash)
 .gnu.hash      0x0000000000400298       0x1c /usr/lib/gcc/x86_64-linux-gnu/4.8/../../../x86_64-linux-gnu/crt1.o

.dynsym         0x00000000004002b8      0x3c0
 *(.dynsym)
 .dynsym        0x00000000004002b8      0x3c0 /usr/lib/gcc/x86_64-linux-gnu/4.8/../../../x86_64-linux-gnu/crt1.o

.dynstr         0x0000000000400678      0x1d7
 *(.dynstr)
 .dynstr        0x0000000000400678      0x1d7 /usr/lib/gcc/x86_64-linux-gnu/4.8/../../../x86_64-linux-gnu/crt1.o

.gnu.version    0x0000000000400850       0x50
 *(.gnu.version)
 .gnu.version   0x0000000000400850       0x50 /usr/lib/gcc/x86_64-linux-gnu/4.8/../../../x86_64-linux-gnu/crt1.o

.gnu.version_d  0x00000000004008a0        0x0
 *(.gnu.version_d)
 .gnu.version_d
                0x0000000000000000        0x0 /usr/lib/gcc/x86_64-linux-gnu/4.8/../../../x86_64-linux-gnu/crt1.o

.gnu.version_r  0x00000000004008a0       0x70
 *(.gnu.version_r)
 .gnu.version_r
                0x00000000004008a0       0x70 /usr/lib/gcc/x86_64-linux-gnu/4.8/../../../x86_64-linux-gnu/crt1.o

.rela.dyn       0x0000000000400910       0x18
 *(.rela.init)
 *(.rela.text .rela.text.* .rela.gnu.linkonce.t.*)
 .rela.text     0x0000000000000000        0x0 /usr/lib/gcc/x86_64-linux-gnu/4.8/../../../x86_64-linux-gnu/crt1.o
 *(.rela.fini)
 *(.rela.rodata .rela.rodata.* .rela.gnu.linkonce.r.*)
 *(.rela.data .rela.data.* .rela.gnu.linkonce.d.*)
 *(.rela.tdata .rela.tdata.* .rela.gnu.linkonce.td.*)
 *(.rela.tbss .rela.tbss.* .rela.gnu.linkonce.tb.*)
 *(.rela.ctors)
 *(.rela.dtors)
 *(.rela.got)
 .rela.got      0x0000000000400910       0x18 /usr/lib/gcc/x86_64-linux-gnu/4.8/../../../x86_64-linux-gnu/crt1.o
 *(.rela.bss .rela.bss.* .rela.gnu.linkonce.b.*)
 .rela.bss      0x0000000000000000        0x0 /usr/lib/gcc/x86_64-linux-gnu/4.8/../../../x86_64-linux-gnu/crt1.o
 *(.rela.ldata .rela.ldata.* .rela.gnu.linkonce.l.*)
 *(.rela.lbss .rela.lbss.* .rela.gnu.linkonce.lb.*)
 *(.rela.lrodata .rela.lrodata.* .rela.gnu.linkonce.lr.*)
 *(.rela.ifunc)

.rela.plt       0x0000000000400928      0x360
 *(.rela.plt)
 .rela.plt      0x0000000000400928      0x360 /usr/lib/gcc/x86_64-linux-gnu/4.8/../../../x86_64-linux-gnu/crt1.o
                0x0000000000400c88                PROVIDE (__rela_iplt_start, .)
 *(.rela.iplt)
 .rela.iplt     0x0000000000000000        0x0 /usr/lib/gcc/x86_64-linux-gnu/4.8/../../../x86_64-linux-gnu/crt1.o
                0x0000000000400c88                PROVIDE (__rela_iplt_end, .)

.init           0x0000000000400c88       0x1a
 *(SORT(.init))
 .init          0x0000000000400c88       0x15 /usr/lib/gcc/x86_64-linux-gnu/4.8/../../../x86_64-linux-gnu/crti.o
                0x0000000000400c88                _init
 .init          0x0000000000400c9d        0x5 /usr/lib/gcc/x86_64-linux-gnu/4.8/../../../x86_64-linux-gnu/crtn.o

.plt            0x0000000000400cb0      0x250
 *(.plt)
 .plt           0x0000000000400cb0      0x250 /usr/lib/gcc/x86_64-linux-gnu/4.8/../../../x86_64-linux-gnu/crt1.o
                0x0000000000400cc0                free@@GLIBC_2.2.5
                0x0000000000400cd0                recv@@GLIBC_2.2.5
                0x0000000000400ce0                pthread_create@@GLIBC_2.2.5
                0x0000000000400cf0                pthread_detach@@GLIBC_2.2.5
                0x0000000000400d00                __errno_location@@GLIBC_2.2.5
                0x0000000000400d10                mkdir@@GLIBC_2.2.5
                0x0000000000400d20                puts@@GLIBC_2.2.5
                0x0000000000400d30                setsockopt@@GLIBC_2.2.5
                0x0000000000400d40                getpid@@GLIBC_2.2.5
                0x0000000000400d50                opendir@@GLIBC_2.2.5
                0x0000000000400d60                strlen@@GLIBC_2.2.5
                0x0000000000400d70                __stack_chk_fail@@GLIBC_2.4
                0x0000000000400d80                send@@GLIBC_2.2.5
                0x0000000000400d90                closedir@@GLIBC_2.2.5
                0x0000000000400da0                __strdup@@GLIBC_2.2.5
                0x0000000000400db0                __libc_start_main@@GLIBC_2.2.5
                0x0000000000400dc0                inet_addr@@GLIBC_2.2.5
                0x0000000000400de0                memcpy@@GLIBC_2.14
                0x0000000000400df0                readdir@@GLIBC_2.2.5
                0x0000000000400e00                malloc@@GLIBC_2.2.5
                0x0000000000400e10                recvfrom@@GLIBC_2.2.5
                0x0000000000400e20                __printf_chk@@GLIBC_2.3.4
                0x0000000000400e30                poll@@GLIBC_2.2.5
                0x0000000000400e40                __syslog_chk@@GLIBC_2.4
                0x0000000000400e50                pthread_self@@GLIBC_2.2.5
                0x0000000000400e60                waitpid@@GLIBC_2.2.5
                0x0000000000400e70                exit@@GLIBC_2.2.5
                0x0000000000400e80                connect@@GLIBC_2.2.5
                0x0000000000400e90                strerror@@GLIBC_2.2.5
                0x0000000000400ea0                execl@@GLIBC_2.2.5
                0x0000000000400eb0                sleep@@GLIBC_2.2.5
                0x0000000000400ec0                fork@@GLIBC_2.2.5
                0x0000000000400ed0                strstr@@GLIBC_2.2.5
                0x0000000000400ee0                rand@@GLIBC_2.2.5
                0x0000000000400ef0                socket@@GLIBC_2.2.5
 *(.iplt)
 .iplt          0x0000000000000000        0x0 /usr/lib/gcc/x86_64-linux-gnu/4.8/../../../x86_64-linux-gnu/crt1.o

.text           0x0000000000400f00     0x1c12
 *(.text.unlikely .text.*_unlikely .text.unlikely.*)
 *(.text.exit .text.exit.*)
 *(.text.startup .text.startup.*)
 .text.startup  0x0000000000400f00      0xa6e build/barsm.o
                0x0000000000400f00                main
 *(.text.hot .text.hot.*)
 *(.text .stub .text.* .gnu.linkonce.t.*)
 .text          0x000000000040196e       0x2a /usr/lib/gcc/x86_64-linux-gnu/4.8/../../../x86_64-linux-gnu/crt1.o
                0x000000000040196e                _start
 .text          0x0000000000401998        0x0 /usr/lib/gcc/x86_64-linux-gnu/4.8/../../../x86_64-linux-gnu/crti.o
 *fill*         0x0000000000401998        0x8 
 .text          0x00000000004019a0       0xbd /usr/lib/gcc/x86_64-linux-gnu/4.8/crtbegin.o
 *fill*         0x0000000000401a5d        0x3 
 .text          0x0000000000401a60       0x83 build/barsm.o
 *fill*         0x0000000000401ae3        0xd 
 .text          0x0000000000401af0      0xfb0 build/barsm_functions.o
                0x0000000000401af0                TCPsetup
                0x0000000000401c70                UDPsetup
                0x0000000000401dd0                send_barsmToAacmInit
                0x0000000000401eb0                receive_barsmToAacmInitAck
                0x0000000000402040                rand_letter
                0x0000000000402080                assign_procName
                0x00000000004020b0                start_process
                0x00000000004021a0                process_sysInit
                0x00000000004023f0                send_barsmToAacmProcesses
                0x0000000000402620                check_modules
                0x00000000004027d0                send_aacmToBarsmAck
                0x00000000004028b0                start_select
                0x0000000000402900                receive_aacmToBarsm
 .text          0x0000000000402aa0       0x72 /usr/lib/x86_64-linux-gnu/libc_nonshared.a(elf-init.oS)
                0x0000000000402aa0                __libc_csu_init
                0x0000000000402b10                __libc_csu_fini
 .text          0x0000000000402b12        0x0 /usr/lib/gcc/x86_64-linux-gnu/4.8/crtend.o
 .text          0x0000000000402b12        0x0 /usr/lib/gcc/x86_64-linux-gnu/4.8/../../../x86_64-linux-gnu/crtn.o
 *(.gnu.warning)

.fini           0x0000000000402b14        0x9
 *(SORT(.fini))
 .fini          0x0000000000402b14        0x4 /usr/lib/gcc/x86_64-linux-gnu/4.8/../../../x86_64-linux-gnu/crti.o
                0x0000000000402b14                _fini
 .fini          0x0000000000402b18        0x5 /usr/lib/gcc/x86_64-linux-gnu/4.8/../../../x86_64-linux-gnu/crtn.o
                0x0000000000402b1d                PROVIDE (__etext, .)
                0x0000000000402b1d                PROVIDE (_etext, .)
                0x0000000000402b1d                PROVIDE (etext, .)

.rodata         0x0000000000402b20      0xde7
 *(.rodata .rodata.* .gnu.linkonce.r.*)
 .rodata.cst4   0x0000000000402b20        0x4 /usr/lib/gcc/x86_64-linux-gnu/4.8/../../../x86_64-linux-gnu/crt1.o
                0x0000000000402b20                _IO_stdin_used
 *fill*         0x0000000000402b24        0x4 
 .rodata.str1.8
                0x0000000000402b28      0x575 build/barsm.o
 .rodata.str1.1
                0x000000000040309d      0x165 build/barsm.o
 *fill*         0x0000000000403202        0xe 
 .rodata        0x0000000000403210       0x23 build/barsm.o
 *fill*         0x0000000000403233        0x5 
 .rodata.str1.8
                0x0000000000403238      0x5a8 build/barsm_functions.o
                                        0x5a2 (size before relaxing)
 .rodata.str1.1
                0x00000000004037e0       0x4c build/barsm_functions.o
 *fill*         0x000000000040382c        0x4 
 .rodata        0x0000000000403830       0xd7 build/barsm_functions.o

.rodata1
 *(.rodata1)

.eh_frame_hdr   0x0000000000403908       0xa4
 *(.eh_frame_hdr)
 .eh_frame_hdr  0x0000000000403908       0xa4 /usr/lib/gcc/x86_64-linux-gnu/4.8/../../../x86_64-linux-gnu/crt1.o

.eh_frame       0x00000000004039b0      0x434
 *(.eh_frame)
 .eh_frame      0x00000000004039b0       0x30 /usr/lib/gcc/x86_64-linux-gnu/4.8/../../../x86_64-linux-gnu/crt1.o
 .eh_frame      0x00000000004039e0       0x40 /usr/lib/gcc/x86_64-linux-gnu/4.8/../../../x86_64-linux-gnu/crt1.o
 .eh_frame      0x0000000000403a20       0x70 build/barsm.o
                                         0x88 (size before relaxing)
 .eh_frame      0x0000000000403a90      0x2f0 build/barsm_functions.o
                                        0x2e8 (size before relaxing)
 .eh_frame      0x0000000000403d80       0x60 /usr/lib/x86_64-linux-gnu/libc_nonshared.a(elf-init.oS)
                                         0x78 (size before relaxing)
 .eh_frame      0x0000000000403de0        0x4 /usr/lib/gcc/x86_64-linux-gnu/4.8/crtend.o

.gcc_except_table
 *(.gcc_except_table .gcc_except_table.*)

.exception_ranges
 *(.exception_ranges .exception_ranges*)
                0x0000000000403de4                . = (ALIGN (0x200000) - ((0x200000 - .) & 0x1fffff))
                0x0000000000603dfc                . = DATA_SEGMENT_ALIGN (0x200000, 0x1000)

.eh_frame
 *(.eh_frame)

.gcc_except_table
 *(.gcc_except_table .gcc_except_table.*)

.exception_ranges
 *(.exception_ranges .exception_ranges*)

.tdata
 *(.tdata .tdata.* .gnu.linkonce.td.*)

.tbss
 *(.tbss .tbss.* .gnu.linkonce.tb.*)
 *(.tcommon)

.preinit_array  0x0000000000603dfc        0x0
                0x0000000000603dfc                PROVIDE (__preinit_array_start, .)
 *(.preinit_array)
                0x0000000000603dfc                PROVIDE (__preinit_array_end, .)

.init_array     0x0000000000603e00        0x8
                0x0000000000603e00                PROVIDE (__init_array_start, .)
 *(SORT(.init_array.*) SORT(.ctors.*))
 *(.init_array EXCLUDE_FILE(*crtend?.o *crtend.o *crtbegin?.o *crtbegin.o) .ctors)
 .init_array    0x0000000000603e00        0x8 /usr/lib/gcc/x86_64-linux-gnu/4.8/crtbegin.o
                0x0000000000603e08                PROVIDE (__init_array_end, .)

.fini_array     0x0000000000603e08        0x8
                0x0000000000603e08                PROVIDE (__fini_array_start, .)
 *(SORT(.fini_array.*) SORT(.dtors.*))
 *(.fini_array EXCLUDE_FILE(*crtend?.o *crtend.o *crtbegin?.o *crtbegin.o) .dtors)
 .fini_array    0x0000000000603e08        0x8 /usr/lib/gcc/x86_64-linux-gnu/4.8/crtbegin.o
                0x0000000000603e10                PROVIDE (__fini_array_end, .)

.ctors
 *crtbegin.o(.ctors)
 *crtbegin?.o(.ctors)
 *(EXCLUDE_FILE(*crtend?.o *crtend.o) .ctors)
 *(SORT(.ctors.*))
 *(.ctors)

.dtors
 *crtbegin.o(.dtors)
 *crtbegin?.o(.dtors)
 *(EXCLUDE_FILE(*crtend?.o *crtend.o) .dtors)
 *(SORT(.dtors.*))
 *(.dtors)

.jcr            0x0000000000603e10        0x8
 *(.jcr)
 .jcr           0x0000000000603e10        0x0 /usr/lib/gcc/x86_64-linux-gnu/4.8/crtbegin.o
 .jcr           0x0000000000603e10        0x8 /usr/lib/gcc/x86_64-linux-gnu/4.8/crtend.o

.data.rel.ro
 *(.data.rel.ro.local* .gnu.linkonce.d.rel.ro.local.*)
 *(.data.rel.ro .data.rel.ro.* .gnu.linkonce.d.rel.ro.*)

.dynamic        0x0000000000603e18      0x1e0
 *(.dynamic)
 .dynamic       0x0000000000603e18      0x1e0 /usr/lib/gcc/x86_64-linux-gnu/4.8/../../../x86_64-linux-gnu/crt1.o
                0x0000000000603e18                _DYNAMIC

.got            0x0000000000603ff8        0x8
 *(.got)
 .got           0x0000000000603ff8        0x8 /usr/lib/gcc/x86_64-linux-gnu/4.8/../../../x86_64-linux-gnu/crt1.o
 *(.igot)
                0x0000000000604fe8                . = DATA_SEGMENT_RELRO_END (., (SIZEOF (.got.plt) >= 0x18)?0x18:0x0)

.got.plt        0x0000000000604000      0x138
 *(.got.plt)
 .got.plt       0x0000000000604000      0x138 /usr/lib/gcc/x86_64-linux-gnu/4.8/../../../x86_64-linux-gnu/crt1.o
                0x0000000000604000                _GLOBAL_OFFSET_TABLE_
 *(.igot.plt)
 .igot.plt      0x0000000000000000        0x0 /usr/lib/gcc/x86_64-linux-gnu/4.8/../../../x86_64-linux-gnu/crt1.o

.data           0x0000000000604140       0x48
 *(.data .data.* .gnu.linkonce.d.*)
 .data          0x0000000000604140        0x4 /usr/lib/gcc/x86_64-linux-gnu/4.8/../../../x86_64-linux-gnu/crt1.o
                0x0000000000604140                data_start
                0x0000000000604140                __data_start
 .data          0x0000000000604144        0x0 /usr/lib/gcc/x86_64-linux-gnu/4.8/../../../x86_64-linux-gnu/crti.o
 *fill*         0x0000000000604144        0x4 
 .data          0x0000000000604148        0x8 /usr/lib/gcc/x86_64-linux-gnu/4.8/crtbegin.o
                0x0000000000604148                __dso_handle
 .data          0x0000000000604150        0xe build/barsm.o
                0x0000000000604150                UDPPort
                0x0000000000604154                UDPAddress
 *fill*         0x000000000060415e        0x2 
 .data.rel.local
                0x0000000000604160       0x28 build/barsm.o
                0x0000000000604160                dirs
 .data          0x0000000000604188        0x0 build/barsm_functions.o
 .data          0x0000000000604188        0x0 /usr/lib/x86_64-linux-gnu/libc_nonshared.a(elf-init.oS)
 .data          0x0000000000604188        0x0 /usr/lib/gcc/x86_64-linux-gnu/4.8/crtend.o
 .data          0x0000000000604188        0x0 /usr/lib/gcc/x86_64-linux-gnu/4.8/../../../x86_64-linux-gnu/crtn.o

.tm_clone_table
                0x0000000000604188        0x0
 .tm_clone_table
                0x0000000000604188        0x0 /usr/lib/gcc/x86_64-linux-gnu/4.8/crtbegin.o
 .tm_clone_table
                0x0000000000604188        0x0 /usr/lib/gcc/x86_64-linux-gnu/4.8/crtend.o

.data1
 *(.data1)
                0x0000000000604188                _edata = .
                0x0000000000604188                PROVIDE (edata, .)
                0x0000000000604188                . = .
                0x0000000000604188                __bss_start = .

.bss            0x00000000006041a0       0xe0
 *(.dynbss)
 .dynbss        0x0000000000000000        0x0 /usr/lib/gcc/x86_64-linux-gnu/4.8/../../../x86_64-linux-gnu/crt1.o
 *(.bss .bss.* .gnu.linkonce.b.*)
 .bss           0x00000000006041a0        0x0 /usr/lib/gcc/x86_64-linux-gnu/4.8/../../../x86_64-linux-gnu/crt1.o
 .bss           0x00000000006041a0        0x0 /usr/lib/gcc/x86_64-linux-gnu/4.8/../../../x86_64-linux-gnu/crti.o
 .bss           0x00000000006041a0        0x1 /usr/lib/gcc/x86_64-linux-gnu/4.8/crtbegin.o
 *fill*         0x00000000006041a1        0xf 
 .bss           0x00000000006041b0       0x40 build/barsm.o
                0x00000000006041b0                DestAddr_UDP
                0x00000000006041c0                DestAddr_TCP
                0x00000000006041d0                tmp_toFree
                0x00000000006041d8                nth_node
                0x00000000006041e0                first_node
 *fill*         0x00000000006041f0       0x10 
 .bss           0x0000000000604200       0x80 build/barsm_functions.o
                0x0000000000604200                toRcvUDP
 .bss           0x0000000000604280        0x0 /usr/lib/x86_64-linux-gnu/libc_nonshared.a(elf-init.oS)
 .bss           0x0000000000604280        0x0 /usr/lib/gcc/x86_64-linux-gnu/4.8/crtend.o
 .bss           0x0000000000604280        0x0 /usr/lib/gcc/x86_64-linux-gnu/4.8/../../../x86_64-linux-gnu/crtn.o
 *(COMMON)
                0x0000000000604280                . = ALIGN ((. != 0x0)?0x8:0x1)

.lbss
 *(.dynlbss)
 *(.lbss .lbss.* .gnu.linkonce.lb.*)
 *(LARGE_COMMON)
                0x0000000000604280                . = ALIGN (0x8)
                0x0000000000604280                . = SEGMENT_START ("ldata-segment", .)

.lrodata
 *(.lrodata .lrodata.* .gnu.linkonce.lr.*)

.ldata          0x0000000000a04280        0x0
 *(.ldata .ldata.* .gnu.linkonce.l.*)
                0x0000000000a04280                . = ALIGN ((. != 0x0)?0x8:0x1)
                0x0000000000a04280                . = ALIGN (0x8)
                0x0000000000a04280                _end = .
                0x0000000000a04280                PROVIDE (end, .)
                0x0000000000a04280                . = DATA_SEGMENT_END (.)

.stab
 *(.stab)

.stabstr
 *(.stabstr)

.stab.excl
 *(.stab.excl)

.stab.exclstr
 *(.stab.exclstr)

.stab.index
 *(.stab.index)

.stab.indexstr
 *(.stab.indexstr)

.comment        0x0000000000000000       0x24
 *(.comment)
 .comment       0x0000000000000000       0x24 /usr/lib/gcc/x86_64-linux-gnu/4.8/crtbegin.o
                                         0x25 (size before relaxing)
 .comment       0x0000000000000000       0x25 build/barsm.o
 .comment       0x0000000000000000       0x25 build/barsm_functions.o
 .comment       0x0000000000000000       0x25 /usr/lib/x86_64-linux-gnu/libc_nonshared.a(elf-init.oS)
 .comment       0x0000000000000000       0x25 /usr/lib/gcc/x86_64-linux-gnu/4.8/crtend.o

.debug
 *(.debug)

.line
 *(.line)

.debug_srcinfo
 *(.debug_srcinfo)

.debug_sfnames
 *(.debug_sfnames)

.debug_aranges
 *(.debug_aranges)

.debug_pubnames
 *(.debug_pubnames)

.debug_info
 *(.debug_info .gnu.linkonce.wi.*)

.debug_abbrev
 *(.debug_abbrev)

.debug_line
 *(.debug_line .debug_line.* .debug_line_end)

.debug_frame
 *(.debug_frame)

.debug_str
 *(.debug_str)

.debug_loc
 *(.debug_loc)

.debug_macinfo
 *(.debug_macinfo)

.debug_weaknames
 *(.debug_weaknames)

.debug_funcnames
 *(.debug_funcnames)

.debug_typenames
 *(.debug_typenames)

.debug_varnames
 *(.debug_varnames)

.debug_pubtypes
 *(.debug_pubtypes)

.debug_ranges
 *(.debug_ranges)

.debug_macro
 *(.debug_macro)

.gnu.attributes
 *(.gnu.attributes)

/DISCARD/
 *(.note.GNU-stack)
 *(.gnu_debuglink)
 *(.gnu.lto_*)
OUTPUT(build/barsm elf64-x86-64)
