Archive member included to satisfy reference by file (symbol)

/usr/lib/x86_64-linux-gnu/libc_nonshared.a(elf-init.oS)
                              /usr/lib/gcc/x86_64-linux-gnu/4.8/../../../x86_64-linux-gnu/crt1.o (__libc_csu_init)

Discarded input sections

 .note.GNU-stack
                0x0000000000000000        0x0 /usr/lib/gcc/x86_64-linux-gnu/4.8/../../../x86_64-linux-gnu/crt1.o
 .gnu_debuglink
                0x0000000000000000        0xc /usr/lib/gcc/x86_64-linux-gnu/4.8/../../../x86_64-linux-gnu/crt1.o
 .note.GNU-stack
                0x0000000000000000        0x0 /usr/lib/gcc/x86_64-linux-gnu/4.8/../../../x86_64-linux-gnu/crti.o
 .gnu_debuglink
                0x0000000000000000        0xc /usr/lib/gcc/x86_64-linux-gnu/4.8/../../../x86_64-linux-gnu/crti.o
 .note.GNU-stack
                0x0000000000000000        0x0 /usr/lib/gcc/x86_64-linux-gnu/4.8/crtbegin.o
 .note.GNU-stack
                0x0000000000000000        0x0 build/barsm.o
 .note.GNU-stack
                0x0000000000000000        0x0 /usr/lib/x86_64-linux-gnu/libc_nonshared.a(elf-init.oS)
 .note.GNU-stack
                0x0000000000000000        0x0 /usr/lib/gcc/x86_64-linux-gnu/4.8/crtend.o
 .note.GNU-stack
                0x0000000000000000        0x0 /usr/lib/gcc/x86_64-linux-gnu/4.8/../../../x86_64-linux-gnu/crtn.o
 .gnu_debuglink
                0x0000000000000000        0xc /usr/lib/gcc/x86_64-linux-gnu/4.8/../../../x86_64-linux-gnu/crtn.o

Memory Configuration

Name             Origin             Length             Attributes
*default*        0x0000000000000000 0xffffffffffffffff

Linker script and memory map

LOAD /usr/lib/gcc/x86_64-linux-gnu/4.8/../../../x86_64-linux-gnu/crt1.o
LOAD /usr/lib/gcc/x86_64-linux-gnu/4.8/../../../x86_64-linux-gnu/crti.o
LOAD /usr/lib/gcc/x86_64-linux-gnu/4.8/crtbegin.o
LOAD build/barsm.o
LOAD /usr/lib/gcc/x86_64-linux-gnu/4.8/libgcc.a
LOAD /usr/lib/gcc/x86_64-linux-gnu/4.8/libgcc_s.so
LOAD /usr/lib/gcc/x86_64-linux-gnu/4.8/../../../x86_64-linux-gnu/libpthread.so
START GROUP
LOAD /lib/x86_64-linux-gnu/libpthread.so.0
LOAD /usr/lib/x86_64-linux-gnu/libpthread_nonshared.a
END GROUP
LOAD /usr/lib/gcc/x86_64-linux-gnu/4.8/../../../x86_64-linux-gnu/libc.so
START GROUP
LOAD /lib/x86_64-linux-gnu/libc.so.6
LOAD /usr/lib/x86_64-linux-gnu/libc_nonshared.a
LOAD /lib/x86_64-linux-gnu/ld-linux-x86-64.so.2
END GROUP
LOAD /usr/lib/gcc/x86_64-linux-gnu/4.8/libgcc.a
LOAD /usr/lib/gcc/x86_64-linux-gnu/4.8/libgcc_s.so
LOAD /usr/lib/gcc/x86_64-linux-gnu/4.8/crtend.o
LOAD /usr/lib/gcc/x86_64-linux-gnu/4.8/../../../x86_64-linux-gnu/crtn.o
                0x0000000000400000                PROVIDE (__executable_start, 0x400000)
                0x0000000000400238                . = (0x400000 + SIZEOF_HEADERS)

.interp         0x0000000000400238       0x1c
 *(.interp)
 .interp        0x0000000000400238       0x1c /usr/lib/gcc/x86_64-linux-gnu/4.8/../../../x86_64-linux-gnu/crt1.o

.note.ABI-tag   0x0000000000400254       0x20
 .note.ABI-tag  0x0000000000400254       0x20 /usr/lib/gcc/x86_64-linux-gnu/4.8/../../../x86_64-linux-gnu/crt1.o

.note.gnu.build-id
                0x0000000000400274       0x24
 *(.note.gnu.build-id)
 .note.gnu.build-id
                0x0000000000400274       0x24 /usr/lib/gcc/x86_64-linux-gnu/4.8/../../../x86_64-linux-gnu/crt1.o

.hash
 *(.hash)

.gnu.hash       0x0000000000400298       0x1c
 *(.gnu.hash)
 .gnu.hash      0x0000000000400298       0x1c /usr/lib/gcc/x86_64-linux-gnu/4.8/../../../x86_64-linux-gnu/crt1.o

.dynsym         0x00000000004002b8      0x228
 *(.dynsym)
 .dynsym        0x00000000004002b8      0x228 /usr/lib/gcc/x86_64-linux-gnu/4.8/../../../x86_64-linux-gnu/crt1.o

.dynstr         0x00000000004004e0      0x13d
 *(.dynstr)
 .dynstr        0x00000000004004e0      0x13d /usr/lib/gcc/x86_64-linux-gnu/4.8/../../../x86_64-linux-gnu/crt1.o

.gnu.version    0x000000000040061e       0x2e
 *(.gnu.version)
 .gnu.version   0x000000000040061e       0x2e /usr/lib/gcc/x86_64-linux-gnu/4.8/../../../x86_64-linux-gnu/crt1.o

.gnu.version_d  0x0000000000400650        0x0
 *(.gnu.version_d)
 .gnu.version_d
                0x0000000000000000        0x0 /usr/lib/gcc/x86_64-linux-gnu/4.8/../../../x86_64-linux-gnu/crt1.o

.gnu.version_r  0x0000000000400650       0x70
 *(.gnu.version_r)
 .gnu.version_r
                0x0000000000400650       0x70 /usr/lib/gcc/x86_64-linux-gnu/4.8/../../../x86_64-linux-gnu/crt1.o

.rela.dyn       0x00000000004006c0       0x18
 *(.rela.init)
 *(.rela.text .rela.text.* .rela.gnu.linkonce.t.*)
 .rela.text     0x0000000000000000        0x0 /usr/lib/gcc/x86_64-linux-gnu/4.8/../../../x86_64-linux-gnu/crt1.o
 *(.rela.fini)
 *(.rela.rodata .rela.rodata.* .rela.gnu.linkonce.r.*)
 *(.rela.data .rela.data.* .rela.gnu.linkonce.d.*)
 *(.rela.tdata .rela.tdata.* .rela.gnu.linkonce.td.*)
 *(.rela.tbss .rela.tbss.* .rela.gnu.linkonce.tb.*)
 *(.rela.ctors)
 *(.rela.dtors)
 *(.rela.got)
 .rela.got      0x00000000004006c0       0x18 /usr/lib/gcc/x86_64-linux-gnu/4.8/../../../x86_64-linux-gnu/crt1.o
 *(.rela.bss .rela.bss.* .rela.gnu.linkonce.b.*)
 .rela.bss      0x0000000000000000        0x0 /usr/lib/gcc/x86_64-linux-gnu/4.8/../../../x86_64-linux-gnu/crt1.o
 *(.rela.ldata .rela.ldata.* .rela.gnu.linkonce.l.*)
 *(.rela.lbss .rela.lbss.* .rela.gnu.linkonce.lb.*)
 *(.rela.lrodata .rela.lrodata.* .rela.gnu.linkonce.lr.*)
 *(.rela.ifunc)

.rela.plt       0x00000000004006d8      0x1c8
 *(.rela.plt)
 .rela.plt      0x00000000004006d8      0x1c8 /usr/lib/gcc/x86_64-linux-gnu/4.8/../../../x86_64-linux-gnu/crt1.o
                0x00000000004008a0                PROVIDE (__rela_iplt_start, .)
 *(.rela.iplt)
 .rela.iplt     0x0000000000000000        0x0 /usr/lib/gcc/x86_64-linux-gnu/4.8/../../../x86_64-linux-gnu/crt1.o
                0x00000000004008a0                PROVIDE (__rela_iplt_end, .)

.init           0x00000000004008a0       0x1a
 *(SORT(.init))
 .init          0x00000000004008a0       0x15 /usr/lib/gcc/x86_64-linux-gnu/4.8/../../../x86_64-linux-gnu/crti.o
                0x00000000004008a0                _init
 .init          0x00000000004008b5        0x5 /usr/lib/gcc/x86_64-linux-gnu/4.8/../../../x86_64-linux-gnu/crtn.o

.plt            0x00000000004008c0      0x140
 *(.plt)
 .plt           0x00000000004008c0      0x140 /usr/lib/gcc/x86_64-linux-gnu/4.8/../../../x86_64-linux-gnu/crt1.o
                0x00000000004008d0                free@@GLIBC_2.2.5
                0x00000000004008e0                __errno_location@@GLIBC_2.2.5
                0x00000000004008f0                puts@@GLIBC_2.2.5
                0x0000000000400900                opendir@@GLIBC_2.2.5
                0x0000000000400910                strlen@@GLIBC_2.2.5
                0x0000000000400920                closedir@@GLIBC_2.2.5
                0x0000000000400930                __libc_start_main@@GLIBC_2.2.5
                0x0000000000400950                memcpy@@GLIBC_2.14
                0x0000000000400960                readdir@@GLIBC_2.2.5
                0x0000000000400970                malloc@@GLIBC_2.2.5
                0x0000000000400980                __printf_chk@@GLIBC_2.3.4
                0x0000000000400990                __syslog_chk@@GLIBC_2.4
                0x00000000004009a0                waitpid@@GLIBC_2.2.5
                0x00000000004009b0                exit@@GLIBC_2.2.5
                0x00000000004009c0                strerror@@GLIBC_2.2.5
                0x00000000004009d0                execl@@GLIBC_2.2.5
                0x00000000004009e0                sleep@@GLIBC_2.2.5
                0x00000000004009f0                fork@@GLIBC_2.2.5
 *(.iplt)
 .iplt          0x0000000000000000        0x0 /usr/lib/gcc/x86_64-linux-gnu/4.8/../../../x86_64-linux-gnu/crt1.o

.text           0x0000000000400a00      0xcb2
 *(.text.unlikely .text.*_unlikely .text.unlikely.*)
 *(.text.exit .text.exit.*)
 *(.text.startup .text.startup.*)
 .text.startup  0x0000000000400a00      0x2ed build/barsm.o
                0x0000000000400a00                main
 *(.text.hot .text.hot.*)
 *(.text .stub .text.* .gnu.linkonce.t.*)
 .text          0x0000000000400ced       0x2a /usr/lib/gcc/x86_64-linux-gnu/4.8/../../../x86_64-linux-gnu/crt1.o
                0x0000000000400ced                _start
 .text          0x0000000000400d17        0x0 /usr/lib/gcc/x86_64-linux-gnu/4.8/../../../x86_64-linux-gnu/crti.o
 *fill*         0x0000000000400d17        0x9 
 .text          0x0000000000400d20       0xbd /usr/lib/gcc/x86_64-linux-gnu/4.8/crtbegin.o
 *fill*         0x0000000000400ddd        0x3 
 .text          0x0000000000400de0      0x856 build/barsm.o
                0x0000000000400de0                restart_process
                0x0000000000400ef0                launch_item
                0x0000000000401490                check_modules
 *fill*         0x0000000000401636        0xa 
 .text          0x0000000000401640       0x72 /usr/lib/x86_64-linux-gnu/libc_nonshared.a(elf-init.oS)
                0x0000000000401640                __libc_csu_init
                0x00000000004016b0                __libc_csu_fini
 .text          0x00000000004016b2        0x0 /usr/lib/gcc/x86_64-linux-gnu/4.8/crtend.o
 .text          0x00000000004016b2        0x0 /usr/lib/gcc/x86_64-linux-gnu/4.8/../../../x86_64-linux-gnu/crtn.o
 *(.gnu.warning)

.fini           0x00000000004016b4        0x9
 *(SORT(.fini))
 .fini          0x00000000004016b4        0x4 /usr/lib/gcc/x86_64-linux-gnu/4.8/../../../x86_64-linux-gnu/crti.o
                0x00000000004016b4                _fini
 .fini          0x00000000004016b8        0x5 /usr/lib/gcc/x86_64-linux-gnu/4.8/../../../x86_64-linux-gnu/crtn.o
                0x00000000004016bd                PROVIDE (__etext, .)
                0x00000000004016bd                PROVIDE (_etext, .)
                0x00000000004016bd                PROVIDE (etext, .)

.rodata         0x00000000004016c0      0x7b5
 *(.rodata .rodata.* .gnu.linkonce.r.*)
 .rodata.cst4   0x00000000004016c0        0x4 /usr/lib/gcc/x86_64-linux-gnu/4.8/../../../x86_64-linux-gnu/crt1.o
                0x00000000004016c0                _IO_stdin_used
 *fill*         0x00000000004016c4        0x4 
 .rodata.str1.8
                0x00000000004016c8      0x608 build/barsm.o
                                        0x607 (size before relaxing)
 .rodata.str1.1
                0x0000000000401cd0      0x194 build/barsm.o
 .rodata        0x0000000000401e64       0x11 build/barsm.o

.rodata1
 *(.rodata1)

.eh_frame_hdr   0x0000000000401e78       0x4c
 *(.eh_frame_hdr)
 .eh_frame_hdr  0x0000000000401e78       0x4c /usr/lib/gcc/x86_64-linux-gnu/4.8/../../../x86_64-linux-gnu/crt1.o

.eh_frame       0x0000000000401ec8      0x1e4
 *(.eh_frame)
 .eh_frame      0x0000000000401ec8       0x30 /usr/lib/gcc/x86_64-linux-gnu/4.8/../../../x86_64-linux-gnu/crt1.o
 .eh_frame      0x0000000000401ef8       0x40 /usr/lib/gcc/x86_64-linux-gnu/4.8/../../../x86_64-linux-gnu/crt1.o
 .eh_frame      0x0000000000401f38      0x110 build/barsm.o
                                        0x118 (size before relaxing)
 .eh_frame      0x0000000000402048       0x60 /usr/lib/x86_64-linux-gnu/libc_nonshared.a(elf-init.oS)
                                         0x78 (size before relaxing)
 .eh_frame      0x00000000004020a8        0x4 /usr/lib/gcc/x86_64-linux-gnu/4.8/crtend.o

.gcc_except_table
 *(.gcc_except_table .gcc_except_table.*)

.exception_ranges
 *(.exception_ranges .exception_ranges*)
                0x00000000004020ac                . = (ALIGN (0x200000) - ((0x200000 - .) & 0x1fffff))
                0x0000000000602dfc                . = DATA_SEGMENT_ALIGN (0x200000, 0x1000)

.eh_frame
 *(.eh_frame)

.gcc_except_table
 *(.gcc_except_table .gcc_except_table.*)

.exception_ranges
 *(.exception_ranges .exception_ranges*)

.tdata
 *(.tdata .tdata.* .gnu.linkonce.td.*)

.tbss
 *(.tbss .tbss.* .gnu.linkonce.tb.*)
 *(.tcommon)

.preinit_array  0x0000000000602dfc        0x0
                0x0000000000602dfc                PROVIDE (__preinit_array_start, .)
 *(.preinit_array)
                0x0000000000602dfc                PROVIDE (__preinit_array_end, .)

.init_array     0x0000000000602e00        0x8
                0x0000000000602e00                PROVIDE (__init_array_start, .)
 *(SORT(.init_array.*) SORT(.ctors.*))
 *(.init_array EXCLUDE_FILE(*crtend?.o *crtend.o *crtbegin?.o *crtbegin.o) .ctors)
 .init_array    0x0000000000602e00        0x8 /usr/lib/gcc/x86_64-linux-gnu/4.8/crtbegin.o
                0x0000000000602e08                PROVIDE (__init_array_end, .)

.fini_array     0x0000000000602e08        0x8
                0x0000000000602e08                PROVIDE (__fini_array_start, .)
 *(SORT(.fini_array.*) SORT(.dtors.*))
 *(.fini_array EXCLUDE_FILE(*crtend?.o *crtend.o *crtbegin?.o *crtbegin.o) .dtors)
 .fini_array    0x0000000000602e08        0x8 /usr/lib/gcc/x86_64-linux-gnu/4.8/crtbegin.o
                0x0000000000602e10                PROVIDE (__fini_array_end, .)

.ctors
 *crtbegin.o(.ctors)
 *crtbegin?.o(.ctors)
 *(EXCLUDE_FILE(*crtend?.o *crtend.o) .ctors)
 *(SORT(.ctors.*))
 *(.ctors)

.dtors
 *crtbegin.o(.dtors)
 *crtbegin?.o(.dtors)
 *(EXCLUDE_FILE(*crtend?.o *crtend.o) .dtors)
 *(SORT(.dtors.*))
 *(.dtors)

.jcr            0x0000000000602e10        0x8
 *(.jcr)
 .jcr           0x0000000000602e10        0x0 /usr/lib/gcc/x86_64-linux-gnu/4.8/crtbegin.o
 .jcr           0x0000000000602e10        0x8 /usr/lib/gcc/x86_64-linux-gnu/4.8/crtend.o

.data.rel.ro
 *(.data.rel.ro.local* .gnu.linkonce.d.rel.ro.local.*)
 *(.data.rel.ro .data.rel.ro.* .gnu.linkonce.d.rel.ro.*)

.dynamic        0x0000000000602e18      0x1e0
 *(.dynamic)
 .dynamic       0x0000000000602e18      0x1e0 /usr/lib/gcc/x86_64-linux-gnu/4.8/../../../x86_64-linux-gnu/crt1.o
                0x0000000000602e18                _DYNAMIC

.got            0x0000000000602ff8        0x8
 *(.got)
 .got           0x0000000000602ff8        0x8 /usr/lib/gcc/x86_64-linux-gnu/4.8/../../../x86_64-linux-gnu/crt1.o
 *(.igot)
                0x0000000000603fe8                . = DATA_SEGMENT_RELRO_END (., (SIZEOF (.got.plt) >= 0x18)?0x18:0x0)

.got.plt        0x0000000000603000       0xb0
 *(.got.plt)
 .got.plt       0x0000000000603000       0xb0 /usr/lib/gcc/x86_64-linux-gnu/4.8/../../../x86_64-linux-gnu/crt1.o
                0x0000000000603000                _GLOBAL_OFFSET_TABLE_
 *(.igot.plt)
 .igot.plt      0x0000000000000000        0x0 /usr/lib/gcc/x86_64-linux-gnu/4.8/../../../x86_64-linux-gnu/crt1.o

.data           0x00000000006030c0       0x48
 *(.data .data.* .gnu.linkonce.d.*)
 .data          0x00000000006030c0        0x4 /usr/lib/gcc/x86_64-linux-gnu/4.8/../../../x86_64-linux-gnu/crt1.o
                0x00000000006030c0                data_start
                0x00000000006030c0                __data_start
 .data          0x00000000006030c4        0x0 /usr/lib/gcc/x86_64-linux-gnu/4.8/../../../x86_64-linux-gnu/crti.o
 *fill*         0x00000000006030c4        0x4 
 .data          0x00000000006030c8        0x8 /usr/lib/gcc/x86_64-linux-gnu/4.8/crtbegin.o
                0x00000000006030c8                __dso_handle
 .data          0x00000000006030d0        0x0 build/barsm.o
 *fill*         0x00000000006030d0       0x10 
 .data.rel.local
                0x00000000006030e0       0x28 build/barsm.o
                0x00000000006030e0                dirs
 .data          0x0000000000603108        0x0 /usr/lib/x86_64-linux-gnu/libc_nonshared.a(elf-init.oS)
 .data          0x0000000000603108        0x0 /usr/lib/gcc/x86_64-linux-gnu/4.8/crtend.o
 .data          0x0000000000603108        0x0 /usr/lib/gcc/x86_64-linux-gnu/4.8/../../../x86_64-linux-gnu/crtn.o

.tm_clone_table
                0x0000000000603108        0x0
 .tm_clone_table
                0x0000000000603108        0x0 /usr/lib/gcc/x86_64-linux-gnu/4.8/crtbegin.o
 .tm_clone_table
                0x0000000000603108        0x0 /usr/lib/gcc/x86_64-linux-gnu/4.8/crtend.o

.data1
 *(.data1)
                0x0000000000603108                _edata = .
                0x0000000000603108                PROVIDE (edata, .)
                0x0000000000603108                . = .
                0x0000000000603108                __bss_start = .

.bss            0x0000000000603108       0x28
 *(.dynbss)
 .dynbss        0x0000000000000000        0x0 /usr/lib/gcc/x86_64-linux-gnu/4.8/../../../x86_64-linux-gnu/crt1.o
 *(.bss .bss.* .gnu.linkonce.b.*)
 .bss           0x0000000000603108        0x0 /usr/lib/gcc/x86_64-linux-gnu/4.8/../../../x86_64-linux-gnu/crt1.o
 .bss           0x0000000000603108        0x0 /usr/lib/gcc/x86_64-linux-gnu/4.8/../../../x86_64-linux-gnu/crti.o
 .bss           0x0000000000603108        0x1 /usr/lib/gcc/x86_64-linux-gnu/4.8/crtbegin.o
 *fill*         0x0000000000603109        0x7 
 .bss           0x0000000000603110       0x20 build/barsm.o
                0x0000000000603110                aacm_loop
                0x0000000000603118                tmp_toFree
                0x0000000000603120                nth_node
                0x0000000000603128                first_node
 .bss           0x0000000000603130        0x0 /usr/lib/x86_64-linux-gnu/libc_nonshared.a(elf-init.oS)
 .bss           0x0000000000603130        0x0 /usr/lib/gcc/x86_64-linux-gnu/4.8/crtend.o
 .bss           0x0000000000603130        0x0 /usr/lib/gcc/x86_64-linux-gnu/4.8/../../../x86_64-linux-gnu/crtn.o
 *(COMMON)
                0x0000000000603130                . = ALIGN ((. != 0x0)?0x8:0x1)

.lbss
 *(.dynlbss)
 *(.lbss .lbss.* .gnu.linkonce.lb.*)
 *(LARGE_COMMON)
                0x0000000000603130                . = ALIGN (0x8)
                0x0000000000603130                . = SEGMENT_START ("ldata-segment", .)

.lrodata
 *(.lrodata .lrodata.* .gnu.linkonce.lr.*)

.ldata          0x0000000000a03130        0x0
 *(.ldata .ldata.* .gnu.linkonce.l.*)
                0x0000000000a03130                . = ALIGN ((. != 0x0)?0x8:0x1)
                0x0000000000a03130                . = ALIGN (0x8)
                0x0000000000a03130                _end = .
                0x0000000000a03130                PROVIDE (end, .)
                0x0000000000a03130                . = DATA_SEGMENT_END (.)

.stab
 *(.stab)

.stabstr
 *(.stabstr)

.stab.excl
 *(.stab.excl)

.stab.exclstr
 *(.stab.exclstr)

.stab.index
 *(.stab.index)

.stab.indexstr
 *(.stab.indexstr)

.comment        0x0000000000000000       0x24
 *(.comment)
 .comment       0x0000000000000000       0x24 /usr/lib/gcc/x86_64-linux-gnu/4.8/crtbegin.o
                                         0x25 (size before relaxing)
 .comment       0x0000000000000000       0x25 build/barsm.o
 .comment       0x0000000000000000       0x25 /usr/lib/x86_64-linux-gnu/libc_nonshared.a(elf-init.oS)
 .comment       0x0000000000000000       0x25 /usr/lib/gcc/x86_64-linux-gnu/4.8/crtend.o

.debug
 *(.debug)

.line
 *(.line)

.debug_srcinfo
 *(.debug_srcinfo)

.debug_sfnames
 *(.debug_sfnames)

.debug_aranges
 *(.debug_aranges)

.debug_pubnames
 *(.debug_pubnames)

.debug_info
 *(.debug_info .gnu.linkonce.wi.*)

.debug_abbrev
 *(.debug_abbrev)

.debug_line
 *(.debug_line .debug_line.* .debug_line_end)

.debug_frame
 *(.debug_frame)

.debug_str
 *(.debug_str)

.debug_loc
 *(.debug_loc)

.debug_macinfo
 *(.debug_macinfo)

.debug_weaknames
 *(.debug_weaknames)

.debug_funcnames
 *(.debug_funcnames)

.debug_typenames
 *(.debug_typenames)

.debug_varnames
 *(.debug_varnames)

.debug_pubtypes
 *(.debug_pubtypes)

.debug_ranges
 *(.debug_ranges)

.debug_macro
 *(.debug_macro)

.gnu.attributes
 *(.gnu.attributes)

/DISCARD/
 *(.note.GNU-stack)
 *(.gnu_debuglink)
 *(.gnu.lto_*)
OUTPUT(build/barsm elf64-x86-64)
